BASE=60c8c31c5b135cf0ccbb52beae9e47059b2dd896
ATOM_ID=00ebe34ede79d85818ef1975483cc304615967a0925f809c6746b0f49585643b
GID=D5/S3/QuantumBounds/FubiniStudyRecordTime.record_time_lower_bound
LOG=/var/folders/wv/ht3wzsj138b4sxl3q4t0xdr40000gn/T/consensus-rnd/sshx/elK1/attempt-1/serial-lean.log
SHA256=7c461ef27693d856dd6b711c93a203161e8028602fd6a752f81d9f73bee60627
SERIAL_LEAN status=complete built=1 failed=0 missing=1 tree=/Users/chronoai/trureturing-quantumobs2
LOG=/var/folders/wv/ht3wzsj138b4sxl3q4t0xdr40000gn/T/consensus-rnd/sshx/elK1/attempt-1/lean-report.log
SHA256=b34da00db07de06717c6ddc395e30b7e1cdfc5dc52999b4c5582c121e0e587f2
LEAN_REPORT_DELTA mode=delta changed=0 added=1 removed=0 recheck=1
LEAN_REPORT_EXIT=0
LOG=/var/folders/wv/ht3wzsj138b4sxl3q4t0xdr40000gn/T/consensus-rnd/sshx/elK1/attempt-1/emit.log
SHA256=ea9ce4acc570ec3d215be603d3486d3e2445b2c4525bf10f0436122570a5f96f
emitted: 7 changed blueprint(s)
EMIT_EXIT=0
LOG=/var/folders/wv/ht3wzsj138b4sxl3q4t0xdr40000gn/T/consensus-rnd/sshx/elK1/attempt-1/emit-final.log
SHA256=56f52af0f632555ed3a861766c2fd0443ea0db15ed720c7b6345c10b5430ac13
emitted: 0 changed blueprint(s)
EMIT_EXIT=0
LOG=/var/folders/wv/ht3wzsj138b4sxl3q4t0xdr40000gn/T/consensus-rnd/sshx/elK1/attempt-1/deposit.log
SHA256=e1cd0c1da2dc9a09e1c34c69682c1b90808fb0fa832039dcd9b3109ba2d68dca
DEPOSIT_HEADER_CHECKED SL-012 D5/S3/QuantumBounds/FubiniStudyRecordTime.lean
emitted: 0 changed blueprint(s)
PLAYBOOK_SKIP command=deposit detail=module-already-frozen path=D5/S3/QuantumBounds/FubiniStudyRecordTime.lean
PLAYBOOK_SKIP command=deposit detail=module-already-frozen path=D5/S3/QuantumBounds/FubiniStudyRecordTime.lean
COVER_INVALID cover atom 00ebe34ede79d85818ef1975483cc304615967a0925f809c6746b0f49585643b already has coverage: D5/S3/QuantumBounds/FubiniStudyRecordTime.record_time_lower_bound
PLAYBOOK_SKIP command=cover detail=coverage-already-applied atom_id=00ebe34ede79d85818ef1975483cc304615967a0925f809c6746b0f49585643b gid=D5/S3/QuantumBounds/FubiniStudyRecordTime.record_time_lower_bound
emitted: 0 changed blueprint(s)
DEPOSIT_EXIT=0
LOG=/var/folders/wv/ht3wzsj138b4sxl3q4t0xdr40000gn/T/consensus-rnd/sshx/elK1/attempt-1/scribe-content.log
SHA256=27d93cf294de277b432d1ac146fa37139d1b3c3f28585ee15d37524186006829
DESCRIBE_STATUS case=DESCRIBE-NODES status=classified nodes=11356 suspected_novel=0 formula_content_slots=68 formula_statements=32 red=0 observe=5053
markdown: judged=7 formula(s)=25 red=0
SCRIBE_CONTENT_EXIT=0
